              _             
             (_)            
   __ _ _ __  _ _ __   __ _ 
  / _` | '_ \| | '_ \ / _` |
 | (_| | | | | | | | | (_| |
  \__, |_| |_|_|_| |_|\__,_|
   __/ |                    
  |___/                     

gnina v1.3.3 master:6fe1ce2   Built Jun 30 2026.
gnina is based on smina and AutoDock Vina.
Please cite appropriately.

WARNING: No GPU detected. CNN scoring will be slow.
Recommend running with single model (--cnn fast)
or without cnn scoring (--cnn_scoring=none).

Commandline: /home/cafierom/python_linux/gnina/bin/gnina.bin --score_only -r ox2_orig_f8/receptor_h.pdb -l ox2_orig_f8/poses_with_reference.sdf -o results_receptor_h_score_only/ox2_orig_f8_scored.sdf --seed 42
## Name gauss(o=0,_w=0.5,_c=8) gauss(o=3,_w=2,_c=8) repulsion(o=0,_c=8) hydrophobic(g=0.5,_b=1.5,_c=8) non_dir_h_bond(g=-0.7,_b=0,_c=8) num_tors_div
Affinity: -4.98875 (kcal/mol)
CNNscore: 0.67057 
CNNaffinity: 3.43477
CNNvariance: 0.75106
Intramolecular energy: -0.53710
Term values, before weighting:
## ox2_orig_f8_pose0_reference 93.45844 1048.87939 5.49124 11.48619 2.28346 0.00000
Affinity: -7.03722 (kcal/mol)
CNNscore: 0.59538 
CNNaffinity: 2.96188
CNNvariance: 1.00756
Intramolecular energy: -0.66172
Term values, before weighting:
## ox2_orig_f8_pose1 76.18951 945.96112 1.14740 22.87729 1.43860 0.00000
Affinity: -6.38837 (kcal/mol)
CNNscore: 0.54104 
CNNaffinity: 3.20307
CNNvariance: 0.63201
Intramolecular energy: -0.66756
Term values, before weighting:
## ox2_orig_f8_pose2 77.31718 973.66962 1.96760 20.13277 1.16589 0.00000
Affinity: -5.93962 (kcal/mol)
CNNscore: 0.52339 
CNNaffinity: 3.10242
CNNvariance: 0.90591
Intramolecular energy: -0.65230
Term values, before weighting:
## ox2_orig_f8_pose3 84.05403 958.62061 3.53171 0.00000 3.43111 0.00000
Affinity: -6.43291 (kcal/mol)
CNNscore: 0.74229 
CNNaffinity: 3.86666
CNNvariance: 0.35801
Intramolecular energy: -0.00677
Term values, before weighting:
## ox2_orig_f8_pose4 88.46278 1048.23071 3.21898 2.11405 2.79111 0.00000
Affinity: -5.70809 (kcal/mol)
CNNscore: 0.60479 
CNNaffinity: 3.20538
CNNvariance: 0.70210
Intramolecular energy: -0.61045
Term values, before weighting:
## ox2_orig_f8_pose5 82.65329 949.20984 2.72219 0.00000 1.97738 0.00000
Affinity: -5.69357 (kcal/mol)
CNNscore: 0.36828 
CNNaffinity: 2.97644
CNNvariance: 0.92412
Intramolecular energy: -0.60456
Term values, before weighting:
## ox2_orig_f8_pose6 64.43870 863.84637 1.09898 15.27369 0.56726 0.00000
Affinity: -5.23887 (kcal/mol)
CNNscore: 0.51514 
CNNaffinity: 2.93708
CNNvariance: 1.01520
Intramolecular energy: -0.77466
Term values, before weighting:
## ox2_orig_f8_pose7 65.77628 844.85352 1.02134 0.00000 0.54392 0.00000
Affinity: -5.33140 (kcal/mol)
CNNscore: 0.30979 
CNNaffinity: 3.04440
CNNvariance: 0.76060
Intramolecular energy: -0.57929
Term values, before weighting:
## ox2_orig_f8_pose8 64.04877 770.95325 1.00536 15.27540 0.54754 0.00000
Affinity: -5.20826 (kcal/mol)
CNNscore: 0.67571 
CNNaffinity: 2.98300
CNNvariance: 0.84790
Intramolecular energy: -0.66793
Term values, before weighting:
## ox2_orig_f8_pose9 73.94374 927.54901 2.37055 0.00000 1.19202 0.00000
