              _             
             (_)            
   __ _ _ __  _ _ __   __ _ 
  / _` | '_ \| | '_ \ / _` |
 | (_| | | | | | | | | (_| |
  \__, |_| |_|_|_| |_|\__,_|
   __/ |                    
  |___/                     

gnina v1.3.3 master:6fe1ce2   Built Jun 30 2026.
gnina is based on smina and AutoDock Vina.
Please cite appropriately.

WARNING: No GPU detected. CNN scoring will be slow.
Recommend running with single model (--cnn fast)
or without cnn scoring (--cnn_scoring=none).

Commandline: /home/cafierom/python_linux/gnina/bin/gnina.bin --score_only -r ox3_orig_f8/receptor_h.pdb -l ox3_orig_f8/poses_with_reference.sdf -o results_receptor_h_score_only/ox3_orig_f8_scored.sdf --seed 42
## Name gauss(o=0,_w=0.5,_c=8) gauss(o=3,_w=2,_c=8) repulsion(o=0,_c=8) hydrophobic(g=0.5,_b=1.5,_c=8) non_dir_h_bond(g=-0.7,_b=0,_c=8) num_tors_div
Affinity: -0.58322 (kcal/mol)
CNNscore: 0.67837 
CNNaffinity: 3.59722
CNNvariance: 0.24923
Intramolecular energy: 0.00736
Term values, before weighting:
## ox3_orig_f8_pose0_reference 108.53469 1068.48938 12.74209 30.71743 1.60324 0.00000
Affinity: -7.20430 (kcal/mol)
CNNscore: 0.77650 
CNNaffinity: 4.22248
CNNvariance: 0.15685
Intramolecular energy: -0.08775
Term values, before weighting:
## ox3_orig_f8_pose1 113.53185 1007.70691 5.49375 67.89076 2.49843 0.00000
Affinity: -6.05117 (kcal/mol)
CNNscore: 0.60345 
CNNaffinity: 4.11911
CNNvariance: 0.24517
Intramolecular energy: -0.21303
Term values, before weighting:
## ox3_orig_f8_pose2 97.11372 855.55316 4.30701 62.11496 1.16809 0.00000
Affinity: -5.11568 (kcal/mol)
CNNscore: 0.76983 
CNNaffinity: 4.10580
CNNvariance: 0.46144
Intramolecular energy: -0.33896
Term values, before weighting:
## ox3_orig_f8_pose3 126.18802 1098.43713 6.67460 21.46689 1.21555 0.00000
Affinity: -4.30421 (kcal/mol)
CNNscore: 0.32407 
CNNaffinity: 3.00347
CNNvariance: 0.69170
Intramolecular energy: -0.62571
Term values, before weighting:
## ox3_orig_f8_pose4 48.17773 343.75336 0.54080 52.12029 0.33905 0.00000
Affinity: -4.23729 (kcal/mol)
CNNscore: 0.14853 
CNNaffinity: 2.84898
CNNvariance: 0.72707
Intramolecular energy: -0.71704
Term values, before weighting:
## ox3_orig_f8_pose5 45.28769 428.88242 0.72371 40.08189 0.61330 0.00000
Affinity: -4.07902 (kcal/mol)
CNNscore: 0.50006 
CNNaffinity: 3.08738
CNNvariance: 0.69996
Intramolecular energy: -0.75345
Term values, before weighting:
## ox3_orig_f8_pose6 45.64311 434.67816 1.19020 1.53329 3.19276 0.00000
Affinity: -4.10191 (kcal/mol)
CNNscore: 0.30979 
CNNaffinity: 3.08164
CNNvariance: 0.52503
Intramolecular energy: -0.67361
Term values, before weighting:
## ox3_orig_f8_pose7 43.92720 357.35580 0.42478 45.70490 0.28935 0.00000
Affinity: -4.03344 (kcal/mol)
CNNscore: 0.39336 
CNNaffinity: 3.15787
CNNvariance: 0.41729
Intramolecular energy: -0.74736
Term values, before weighting:
## ox3_orig_f8_pose8 51.53402 225.71362 0.27094 56.20833 0.00000 0.00000
Affinity: -4.08765 (kcal/mol)
CNNscore: 0.25616 
CNNaffinity: 3.37940
CNNvariance: 0.54836
Intramolecular energy: -0.64409
Term values, before weighting:
## ox3_orig_f8_pose9 56.54085 463.08704 1.29292 33.33094 0.54929 0.00000
