              _             
             (_)            
   __ _ _ __  _ _ __   __ _ 
  / _` | '_ \| | '_ \ / _` |
 | (_| | | | | | | | | (_| |
  \__, |_| |_|_|_| |_|\__,_|
   __/ |                    
  |___/                     

gnina v1.3.3 master:6fe1ce2   Built Jun 30 2026.
gnina is based on smina and AutoDock Vina.
Please cite appropriately.

WARNING: No GPU detected. CNN scoring will be slow.
Recommend running with single model (--cnn fast)
or without cnn scoring (--cnn_scoring=none).

Commandline: /home/cafierom/python_linux/gnina/bin/gnina.bin --minimize -r ox1_esm1_f8/receptor.pdb -l ox1_esm1_f8/poses_with_reference.sdf -o results_receptor_minimize/ox1_esm1_f8_scored.sdf --seed 42
Affinity: -6.92715  -0.38475 (kcal/mol)
RMSD: 0.23313
CNNscore: 0.22064 
CNNaffinity: 3.34266
CNNvariance: 0.53535
Affinity: -6.49268  -0.52093 (kcal/mol)
RMSD: 0.32366
CNNscore: 0.53571 
CNNaffinity: 3.83210
CNNvariance: 0.19336
Affinity: -6.94770  -0.37157 (kcal/mol)
RMSD: 0.22716
CNNscore: 0.21663 
CNNaffinity: 3.33206
CNNvariance: 0.54810
Affinity: -7.02585  -0.19419 (kcal/mol)
RMSD: 0.14641
CNNscore: 0.60665 
CNNaffinity: 3.98485
CNNvariance: 0.34971
Affinity: -6.24611  -0.61363 (kcal/mol)
RMSD: 0.64384
CNNscore: 0.69770 
CNNaffinity: 4.20736
CNNvariance: 0.18981
Affinity: -6.74480  -0.57565 (kcal/mol)
RMSD: 0.11551
CNNscore: 0.22109 
CNNaffinity: 3.45647
CNNvariance: 0.56375
Affinity: -7.42764  -0.29849 (kcal/mol)
RMSD: 0.11274
CNNscore: 0.90298 
CNNaffinity: 4.85078
CNNvariance: 0.32422
Affinity: -6.50068  -0.70848 (kcal/mol)
RMSD: 0.08573
CNNscore: 0.77216 
CNNaffinity: 4.18993
CNNvariance: 0.10228
Affinity: -6.22090  -0.45828 (kcal/mol)
RMSD: 0.22675
CNNscore: 0.24800 
CNNaffinity: 3.39110
CNNvariance: 0.50513
Affinity: -5.90338  -0.73497 (kcal/mol)
RMSD: 0.13895
CNNscore: 0.14914 
CNNaffinity: 2.99401
CNNvariance: 0.77684
