              _             
             (_)            
   __ _ _ __  _ _ __   __ _ 
  / _` | '_ \| | '_ \ / _` |
 | (_| | | | | | | | | (_| |
  \__, |_| |_|_|_| |_|\__,_|
   __/ |                    
  |___/                     

gnina v1.3.3 master:6fe1ce2   Built Jun 30 2026.
gnina is based on smina and AutoDock Vina.
Please cite appropriately.

WARNING: No GPU detected. CNN scoring will be slow.
Recommend running with single model (--cnn fast)
or without cnn scoring (--cnn_scoring=none).

Commandline: /home/cafierom/python_linux/gnina/bin/gnina.bin --minimize -r ox2_orig_f8/receptor.pdb -l ox2_orig_f8/poses_with_reference.sdf -o results_receptor_minimize/ox2_orig_f8_scored.sdf --seed 42
Affinity: -5.71804  -0.63696 (kcal/mol)
RMSD: 0.11921
CNNscore: 0.59979 
CNNaffinity: 3.19315
CNNvariance: 0.71804
Affinity: -7.07788  -0.67820 (kcal/mol)
RMSD: 0.20671
CNNscore: 0.62195 
CNNaffinity: 2.98109
CNNvariance: 1.02977
Affinity: -5.26442  -0.76527 (kcal/mol)
RMSD: 0.14638
CNNscore: 0.52998 
CNNaffinity: 2.92775
CNNvariance: 1.04361
Affinity: -5.95720  -0.66432 (kcal/mol)
RMSD: 0.14179
CNNscore: 0.52456 
CNNaffinity: 3.15720
CNNvariance: 0.87689
Affinity: -6.41863  -0.10851 (kcal/mol)
RMSD: 0.11271
CNNscore: 0.76277 
CNNaffinity: 3.85410
CNNvariance: 0.38095
Affinity: -5.68898  -0.63134 (kcal/mol)
RMSD: 0.12580
CNNscore: 0.34156 
CNNaffinity: 2.91789
CNNvariance: 1.00471
Affinity: -7.08778  -0.68207 (kcal/mol)
RMSD: 2.16765
CNNscore: 0.64765 
CNNaffinity: 3.06505
CNNvariance: 1.05730
Affinity: -6.41709  -0.67342 (kcal/mol)
RMSD: 0.22234
CNNscore: 0.56388 
CNNaffinity: 3.23879
CNNvariance: 0.64707
Affinity: -5.42152  -0.59013 (kcal/mol)
RMSD: 0.23691
CNNscore: 0.34253 
CNNaffinity: 3.07847
CNNvariance: 0.73698
Affinity: -5.29656  -0.62899 (kcal/mol)
RMSD: 0.28725
CNNscore: 0.68608 
CNNaffinity: 3.09241
CNNvariance: 0.75246
