              _             
             (_)            
   __ _ _ __  _ _ __   __ _ 
  / _` | '_ \| | '_ \ / _` |
 | (_| | | | | | | | | (_| |
  \__, |_| |_|_|_| |_|\__,_|
   __/ |                    
  |___/                     

gnina v1.3.3 master:6fe1ce2   Built Jun 30 2026.
gnina is based on smina and AutoDock Vina.
Please cite appropriately.

WARNING: No GPU detected. CNN scoring will be slow.
Recommend running with single model (--cnn fast)
or without cnn scoring (--cnn_scoring=none).

Commandline: /home/cafierom/python_linux/gnina/bin/gnina.bin --score_only -r ox3_orig_f8/receptor.pdb -l ox3_orig_f8/poses_with_reference.sdf -o results_receptor_score_only/ox3_orig_f8_scored.sdf --seed 42
## Name gauss(o=0,_w=0.5,_c=8) gauss(o=3,_w=2,_c=8) repulsion(o=0,_c=8) hydrophobic(g=0.5,_b=1.5,_c=8) non_dir_h_bond(g=-0.7,_b=0,_c=8) num_tors_div
Affinity: -0.55630 (kcal/mol)
CNNscore: 0.69444 
CNNaffinity: 3.62573
CNNvariance: 0.22486
Intramolecular energy: 0.00736
Term values, before weighting:
## ox3_orig_f8_pose0_reference 108.29835 1063.97913 12.74209 30.71743 1.60324 0.00000
Affinity: -7.18402 (kcal/mol)
CNNscore: 0.77892 
CNNaffinity: 4.25647
CNNvariance: 0.13939
Intramolecular energy: -0.08775
Term values, before weighting:
## ox3_orig_f8_pose1 113.53185 1003.08203 5.49375 67.89076 2.49843 0.00000
Affinity: -6.02743 (kcal/mol)
CNNscore: 0.60205 
CNNaffinity: 4.14242
CNNvariance: 0.26307
Intramolecular energy: -0.21303
Term values, before weighting:
## ox3_orig_f8_pose2 97.11372 850.14185 4.30701 62.11496 1.16809 0.00000
Affinity: -5.10861 (kcal/mol)
CNNscore: 0.77192 
CNNaffinity: 4.11587
CNNvariance: 0.44643
Intramolecular energy: -0.33896
Term values, before weighting:
## ox3_orig_f8_pose3 126.18802 1096.82605 6.67460 21.46689 1.21555 0.00000
Affinity: -4.30421 (kcal/mol)
CNNscore: 0.32320 
CNNaffinity: 3.00311
CNNvariance: 0.68959
Intramolecular energy: -0.62571
Term values, before weighting:
## ox3_orig_f8_pose4 48.17773 343.75336 0.54080 52.12029 0.33905 0.00000
Affinity: -4.18975 (kcal/mol)
CNNscore: 0.15081 
CNNaffinity: 2.84831
CNNvariance: 0.72527
Intramolecular energy: -0.71704
Term values, before weighting:
## ox3_orig_f8_pose5 45.22736 418.46011 0.72371 40.08189 0.61330 0.00000
Affinity: -4.07902 (kcal/mol)
CNNscore: 0.50048 
CNNaffinity: 3.08767
CNNvariance: 0.69994
Intramolecular energy: -0.75345
Term values, before weighting:
## ox3_orig_f8_pose6 45.64311 434.67816 1.19020 1.53329 3.19276 0.00000
Affinity: -4.10191 (kcal/mol)
CNNscore: 0.30870 
CNNaffinity: 3.08340
CNNvariance: 0.52241
Intramolecular energy: -0.67361
Term values, before weighting:
## ox3_orig_f8_pose7 43.92720 357.35580 0.42478 45.70490 0.28935 0.00000
Affinity: -4.03344 (kcal/mol)
CNNscore: 0.38972 
CNNaffinity: 3.15542
CNNvariance: 0.41872
Intramolecular energy: -0.74736
Term values, before weighting:
## ox3_orig_f8_pose8 51.53402 225.71362 0.27094 56.20833 0.00000 0.00000
Affinity: -4.07131 (kcal/mol)
CNNscore: 0.25712 
CNNaffinity: 3.39690
CNNvariance: 0.56653
Intramolecular energy: -0.64409
Term values, before weighting:
## ox3_orig_f8_pose9 56.54085 459.36295 1.29292 33.33094 0.54929 0.00000
